[36mvite v5.4.21 [32mbuilding for production...[36m[39m
transforming...
[32m✓[39m 2045 modules transformed.
rendering chunks...
computing gzip size...
[2mdist/[22m[32mindex.html                 [39m[1m[2m  1.52 kB[22m[1m[22m[2m │ gzip:   0.66 kB[22m
[2mdist/[22m[35massets/index-Bx7MgXow.css  [39m[1m[2m 68.29 kB[22m[1m[22m[2m │ gzip:  13.36 kB[22m
[2mdist/[22m[36massets/index-B2do66mk.js   [39m[1m[33m626.20 kB[39m[22m[2m │ gzip: 181.63 kB[22m
[33m
(!) Some chunks are larger than 500 kB after minification. Consider:
- Using dynamic import() to code-split the application
- Use build.rollupOptions.output.manualChunks to improve chunking: https://rollupjs.org/configuration-options/#output-manualchunks
- Adjust chunk size limit for this warning via build.chunkSizeWarningLimit.[39m
[32m✓ built in 22.73s[39m
